1  |  1 | KEYWORD     | KEYWORD_VAR                   | var
END OF FILE
