1  |  1 | KEYWORD     | KEYWORD_CHARACTER             | char
2  |  5 | INTEGER     | KEYWORD_INT                   | INTEGER
END OF FILE
