1  |  1 | INTEGER     | KEYWORD_INTEGER               | 1
END OF FILE
