1  |  1 | INTEGER     | CONST_INTEGER               | 123       | 123
2  |  1 | INTEGER     | CONST_INTEGER               | 123       | 123
END OF FILE
