1  |  1 | STRING      | KEYWORD_UNRESERVED            | Hello world!
END OF FILE
