1  |  1 | STRING      | KEYWORD_UNRESERVED            | We ' D'
END OF FILE
