1  |  1 | STRING      | KEYWORD_UNRESERVED            | a'c'a
END OF FILE
