1  |  1 | DOUBLE      | KEYWORD_DOUBLE                | 14.e14
END OF FILE
