1  |  1 | INTEGER     | KEYWORD_INTEGER               | 2
1  |  7 | INTEGER     | KEYWORD_INTEGER               | 3
END OF FILE
