1  |  1 | INTEGER     | KEYWORD_INT                   | INTEGER
4  |  1 | STRING      | KEYWORD_UNRESERVED            | Hello World!
END OF FILE
