Error in pos 1:3 expected identifier, constant or expression 
