Error in pos 1:7 expected identifier, constant or expression 
