Error in pos 1:17 expected identifier, constant or expression 
