└── +
    ├── -
    │   ├── +
    │   │   ├── +
    │   │   │   ├── a
    │   │   │   └── b
    │   │   └── *
    │   │       ├── c
    │   │       └── 1
    │   └── -
    │       ├── +
    │       │   ├── 2
    │       │   └── *
    │       │       ├── d
    │       │       └── 3
    │       └── 4
    └── e
