1  |  1 | KEYWORD     | KEYWORD_VAR                 | Var       | 
END OF FILE
