1  |  1 | STRING      | KEYWORD_STRING              | string    | 
2  |  1 | DOUBLE      | KEYWORD_DOUBLE              | Double    | 
3  |  1 | INTEGER     | KEYWORD_INTEGER             | INTEGER   | 
END OF FILE
