1  |  5 | INTEGER     | CONST_INTEGER               | 1234567890| 1234567890
2  |  5 | IDENTIFIER  | VARIABLE                    | f         | 
END OF FILE
