1  |  1 | STRING      | CONST_STRING                | Hello world!| 
END OF FILE
