1  |  1 | STRING      | CONST_STRING                | We ' D'   | 
END OF FILE
