1  |  1 | DOUBLE      | CONST_DOUBLE                | 3.E3      | 3000.0
2  |  1 | DOUBLE      | CONST_DOUBLE                | 4.e4      | 40000.0
3  |  1 | DOUBLE      | CONST_DOUBLE                | 5.5e5     | 550000.0
4  |  1 | DOUBLE      | CONST_DOUBLE                | 6.6E6     | 6600000.0
END OF FILE
