1  |  1 | INTEGER     | CONST_INTEGER               | 0         | 0
1  |  2 | IDENTIFIER  | VARIABLE                    | a         | 
END OF FILE
