1  |  1 | INTEGER     | CONST_INTEGER               | 2         | 2
1  |  7 | INTEGER     | CONST_INTEGER               | 3         | 3
END OF FILE
