1  |  1 | HEX         | CONST_HEX                   | $100      | 256
END OF FILE
