└── Main Program
    └── var
        ├── integer
        │   ├── a
        │   └── b
        ├── array
        │   └── c
        │       └── integer
        │           ├── 1
        │           └── 10
        └── array
            └── d
                └── double
                    ├── 1
                    ├── 10
                    ├── 2
                    └── 20
