└── Main Program
    ├── type
    │   ├── integer
    │   │   └── other
    │   └── record
    │       └── tor
    │           ├── integer
    │           │   └── intNum
    │           ├── double
    │           │   └── doubleNum
    │           ├── other
    │           │   └── someNum
    │           ├── record
    │           │   └── nestedRec
    │           │       ├── integer
    │           │       │   └── intNum
    │           │       ├── record
    │           │       │   └── nestedNum
    │           │       │       └── other
    │           │       │           └── someNum
    │           │       └── array
    │           │           └── arr
    │           │               └── integer
    │           │                   ├── 1
    │           │                   └── 10
    │           └── integer
    │               └── c
    ├── for
    │   ├── i
    │   │   ├── -
    │   │   │   ├── +
    │   │   │   │   ├── 2
    │   │   │   │   └── 2
    │   │   │   └── /
    │   │   │       ├── 4
    │   │   │       └── 5
    │   │   └── N
    │   └── s
    │       └── +
    │           ├── s
    │           └── i
    └── for
        ├── i
        │   ├── 1
        │   └── N
        ├── x
        │   └── +
        │       ├── x
        │       └── 2
        └── y
            └── -
                ├── y
                └── 1
