└── Main Program
    ├── procedure
    │   ├── array
    │   │   └── integer
    │   │       └── x
    │   └── const
    │       └── cc
    │           └── 1
    ├── procedure
    │   ├── integer
    │   │   └── a
    │   ├── var
    │   │   └── array
    │   │       └── mok
    │   │           └── integer
    │   │               ├── 1
    │   │               └── 10
    │   ├── type
    │   │   └── ls
    │   │       └── cp
    │   ├── y
    │   │   └── -
    │   │       ├── y
    │   │       └── 2
    │   └── while
    │       ├── >=
    │       │   ├── x
    │       │   └── 10
    │       └── x
    │           └── +
    │               ├── x
    │               └── 1
    ├── var
    │   └── double
    │       └── m
    ├── x
    │   └── +
    │       ├── x
    │       └── 1
    ├── z
    │   └── -
    │       ├── z
    │       └── z
    ├── for
    │   ├── i
    │   │   ├── 1
    │   │   └── 10
    │   └── x
    │       └── -
    │           ├── x
    │           └── 1
    └── sum
        └── +
            ├── 2
            └── 2
