└── Main Program
    ├── var
    │   └── integer
    │       └── x
    ├── x
    │   └── 1
    └── if
        ├── >
        │   ├── x
        │   └── 10
        └── x
            └── 24
