└── Main Program
    ├── function
    │   └── integer
    ├── var
    │   └── array
    │       └── arr
    │           └── integer
    │               ├── 1
    │               ├── 10
    │               ├── 1
    │               └── 200
    ├── if
    │   ├── >
    │   │   ├── x
    │   │   └── y
    │   └── x
    │       └── y
    └── x
        └── 1
