└── Main Program
    └── function
        ├── integer
        │   ├── a
        │   └── b
        ├── array
        │   └── integer
        │       └── c
        ├── double
        └── result
            └── +
                ├── a
                └── b
