FUNCTION : test
    result : NIL
    function vars {
    FUNCTION : p
        result : NIL
        function params {
        a : INT

        └── 20
        }
        function vars {
        }
        └── statements

    FUNCTION : f
        result : DOUBLE
        function params {
        a : DOUBLE

        └── 101.0
        c : const CHAR

        └── c
        }
        function vars {
        }
        └── statements
                     └── :=
                          ├── Result
                          └── 1.1

    }
    └── statements

