Error in pos 5:26 incompatible types: got DOUBLE expected NIL
