Error in pos 13:18 incompatible types: got DOUBLE expected INT
