FUNCTION : test
    result : NIL
    function vars {
    real : type DOUBLE
    rec : type RECORD
        a : DOUBLE
    END
    FUNCTION : f
        result : RECORD
        function params {
        a : DOUBLE
        b : DOUBLE
        c : DOUBLE
        d : RECORD
                a : DOUBLE
        END
        }
        function vars {
        }
        └── statements
                     ├── :=
                     |    ├── .
                     |    |   ├── d
                     |    |   └── a
                     |    └── /
                     |        ├── +
                     |        |   ├── a
                     |        |   └── b
                     |        └── c
                     └── :=
                          ├── Result
                          └── d

    r : RECORD
        a : DOUBLE
    END
    }
    └── statements
                 └── :=
                      ├── r
                      └── f
                          └── params
                                   ├── 1.0
                                   ├── 10.1
                                   ├── 3
                                   └── r

