Error in pos 9:5 incompatible types: got INT expected ARRAY
