Error in pos 5:27 can't initialize value passed by reference
